MPLINK 5.09, LINKER
Linker Map File - Created Thu Nov 25 09:19:05 2021

                                 Section Info
                  Section       Type    Address   Location Size(Bytes)
                ---------  ---------  ---------  ---------  ---------
                   .org_0       code   0x000000    program   0x000004
                   .cinit    romdata   0x000004    program   0x000002
                   .org_1       code   0x000008    program   0x000094
                    dbgP0       code   0x007dc0    program   0x000240
.config_300001_BUILD/DEFAULT/DEBUG/BONUS.O    romdata   0x300001    program   0x000001
.config_300002_BUILD/DEFAULT/DEBUG/BONUS.O    romdata   0x300002    program   0x000001
.config_300003_BUILD/DEFAULT/DEBUG/BONUS.O    romdata   0x300003    program   0x000001
.config_300005_BUILD/DEFAULT/DEBUG/BONUS.O    romdata   0x300005    program   0x000001
.config_300006_BUILD/DEFAULT/DEBUG/BONUS.O    romdata   0x300006    program   0x000001
.config_300008_BUILD/DEFAULT/DEBUG/BONUS.O    romdata   0x300008    program   0x000001
.config_300009_BUILD/DEFAULT/DEBUG/BONUS.O    romdata   0x300009    program   0x000001
.config_30000A_BUILD/DEFAULT/DEBUG/BONUS.O    romdata   0x30000a    program   0x000001
.config_30000B_BUILD/DEFAULT/DEBUG/BONUS.O    romdata   0x30000b    program   0x000001
.config_30000C_BUILD/DEFAULT/DEBUG/BONUS.O    romdata   0x30000c    program   0x000001
.config_30000D_BUILD/DEFAULT/DEBUG/BONUS.O    romdata   0x30000d    program   0x000001
                    dbgD0      udata   0x0005f4       data   0x00000c



                              Program Memory Usage 
                               Start         End      
                           ---------   ---------      
                            0x000000    0x000005      
                            0x000008    0x00009b      
                            0x007dc0    0x007fff      
                            0x300001    0x300003      
                            0x300005    0x300006      
                            0x300008    0x30000d      
            741 out of 33048 program addresses used, program memory utilization is 2%



                              Symbols - Sorted by Name
                     Name    Address   Location    Storage File                     
                ---------  ---------  ---------  --------- ---------                
                      ISR   0x000004    program     static D:\Timo\MYSELF\NCKU\110-1\Microprocessor\Lab\Lab7\Lab7.X\Bonus.asm
              _4innerloop   0x00004c    program     static D:\Timo\MYSELF\NCKU\110-1\Microprocessor\Lab\Lab7\Lab7.X\Bonus.asm
              _4outerloop   0x000048    program     static D:\Timo\MYSELF\NCKU\110-1\Microprocessor\Lab\Lab7\Lab7.X\Bonus.asm
              _5innerloop   0x000076    program     static D:\Timo\MYSELF\NCKU\110-1\Microprocessor\Lab\Lab7\Lab7.X\Bonus.asm
              _5outerloop   0x000072    program     static D:\Timo\MYSELF\NCKU\110-1\Microprocessor\Lab\Lab7\Lab7.X\Bonus.asm
                  initial   0x00000e    program     static D:\Timo\MYSELF\NCKU\110-1\Microprocessor\Lab\Lab7\Lab7.X\Bonus.asm
                     main   0x000092    program     static D:\Timo\MYSELF\NCKU\110-1\Microprocessor\Lab\Lab7\Lab7.X\Bonus.asm
                   state1   0x00003e    program     static D:\Timo\MYSELF\NCKU\110-1\Microprocessor\Lab\Lab7\Lab7.X\Bonus.asm
                   state2   0x000068    program     static D:\Timo\MYSELF\NCKU\110-1\Microprocessor\Lab\Lab7\Lab7.X\Bonus.asm



                              Symbols - Sorted by Address
                     Name    Address   Location    Storage File                     
                ---------  ---------  ---------  --------- ---------                
                      ISR   0x000004    program     static D:\Timo\MYSELF\NCKU\110-1\Microprocessor\Lab\Lab7\Lab7.X\Bonus.asm
                  initial   0x00000e    program     static D:\Timo\MYSELF\NCKU\110-1\Microprocessor\Lab\Lab7\Lab7.X\Bonus.asm
                   state1   0x00003e    program     static D:\Timo\MYSELF\NCKU\110-1\Microprocessor\Lab\Lab7\Lab7.X\Bonus.asm
              _4outerloop   0x000048    program     static D:\Timo\MYSELF\NCKU\110-1\Microprocessor\Lab\Lab7\Lab7.X\Bonus.asm
              _4innerloop   0x00004c    program     static D:\Timo\MYSELF\NCKU\110-1\Microprocessor\Lab\Lab7\Lab7.X\Bonus.asm
                   state2   0x000068    program     static D:\Timo\MYSELF\NCKU\110-1\Microprocessor\Lab\Lab7\Lab7.X\Bonus.asm
              _5outerloop   0x000072    program     static D:\Timo\MYSELF\NCKU\110-1\Microprocessor\Lab\Lab7\Lab7.X\Bonus.asm
              _5innerloop   0x000076    program     static D:\Timo\MYSELF\NCKU\110-1\Microprocessor\Lab\Lab7\Lab7.X\Bonus.asm
                     main   0x000092    program     static D:\Timo\MYSELF\NCKU\110-1\Microprocessor\Lab\Lab7\Lab7.X\Bonus.asm


