MPLINK 5.09, LINKER
Linker Map File - Created Tue Oct 05 23:20:05 2021

                                 Section Info
                  Section       Type    Address   Location Size(Bytes)
                ---------  ---------  ---------  ---------  ---------
                   .org_0       code   0x000000    program   0x000042
                   .cinit    romdata   0x000042    program   0x000002
.config_300001_BUILD/DEFAULT/DEBUG/BONUS.O    romdata   0x300001    program   0x000001
.config_300003_BUILD/DEFAULT/DEBUG/BONUS.O    romdata   0x300003    program   0x000001



                              Program Memory Usage 
                               Start         End      
                           ---------   ---------      
                            0x000000    0x000043      
                            0x300001    0x300001      
                            0x300003    0x300003      
            70 out of 33048 program addresses used, program memory utilization is 0%



                              Symbols - Sorted by Name
                     Name    Address   Location    Storage File                     
                ---------  ---------  ---------  --------- ---------                
                   Finish   0x00003e    program     static D:\Timo\MYSELF\NCKU\110-1\Microprocessor Principles and Applications\Lab\Lab3\Lab3.X\Bonus.asm
                  Initial   0x000000    program     static D:\Timo\MYSELF\NCKU\110-1\Microprocessor Principles and Applications\Lab\Lab3\Lab3.X\Bonus.asm
                    Start   0x00001e    program     static D:\Timo\MYSELF\NCKU\110-1\Microprocessor Principles and Applications\Lab\Lab3\Lab3.X\Bonus.asm
                     Swap   0x000030    program     static D:\Timo\MYSELF\NCKU\110-1\Microprocessor Principles and Applications\Lab\Lab3\Lab3.X\Bonus.asm



                              Symbols - Sorted by Address
                     Name    Address   Location    Storage File                     
                ---------  ---------  ---------  --------- ---------                
                  Initial   0x000000    program     static D:\Timo\MYSELF\NCKU\110-1\Microprocessor Principles and Applications\Lab\Lab3\Lab3.X\Bonus.asm
                    Start   0x00001e    program     static D:\Timo\MYSELF\NCKU\110-1\Microprocessor Principles and Applications\Lab\Lab3\Lab3.X\Bonus.asm
                     Swap   0x000030    program     static D:\Timo\MYSELF\NCKU\110-1\Microprocessor Principles and Applications\Lab\Lab3\Lab3.X\Bonus.asm
                   Finish   0x00003e    program     static D:\Timo\MYSELF\NCKU\110-1\Microprocessor Principles and Applications\Lab\Lab3\Lab3.X\Bonus.asm


