MPLINK 5.09, LINKER
Linker Map File - Created Thu Nov 04 10:12:46 2021

                                 Section Info
                  Section       Type    Address   Location Size(Bytes)
                ---------  ---------  ---------  ---------  ---------
                   .org_0       code   0x000000    program   0x00007c
                   .cinit    romdata   0x00007c    program   0x000002
                    dbgP0       code   0x007dc0    program   0x000240
.config_300001_BUILD/DEFAULT/DEBUG/ADVANCED.O    romdata   0x300001    program   0x000001
.config_300003_BUILD/DEFAULT/DEBUG/ADVANCED.O    romdata   0x300003    program   0x000001
.config_300006_BUILD/DEFAULT/DEBUG/ADVANCED.O    romdata   0x300006    program   0x000001
                    dbgD0      udata   0x0005f4       data   0x00000c



                              Program Memory Usage 
                               Start         End      
                           ---------   ---------      
                            0x000000    0x00007d      
                            0x007dc0    0x007fff      
                            0x300001    0x300001      
                            0x300003    0x300003      
                            0x300006    0x300006      
            705 out of 33048 program addresses used, program memory utilization is 2%



                              Symbols - Sorted by Name
                     Name    Address   Location    Storage File                     
                ---------  ---------  ---------  --------- ---------                
                  Initial   0x000000    program     static D:\Timo\MYSELF\NCKU\110-1\Microprocessor\Lab\Lab6\Lab6.X\Advanced.asm
              _3innerloop   0x000036    program     static D:\Timo\MYSELF\NCKU\110-1\Microprocessor\Lab\Lab6\Lab6.X\Advanced.asm
              _3outerloop   0x000032    program     static D:\Timo\MYSELF\NCKU\110-1\Microprocessor\Lab\Lab6\Lab6.X\Advanced.asm
              _4innerloop   0x000060    program     static D:\Timo\MYSELF\NCKU\110-1\Microprocessor\Lab\Lab6\Lab6.X\Advanced.asm
              _4outerloop   0x00005c    program     static D:\Timo\MYSELF\NCKU\110-1\Microprocessor\Lab\Lab6\Lab6.X\Advanced.asm
              changeState   0x000026    program     static D:\Timo\MYSELF\NCKU\110-1\Microprocessor\Lab\Lab6\Lab6.X\Advanced.asm
               clearState   0x000050    program     static D:\Timo\MYSELF\NCKU\110-1\Microprocessor\Lab\Lab6\Lab6.X\Advanced.asm
                nextState   0x00001c    program     static D:\Timo\MYSELF\NCKU\110-1\Microprocessor\Lab\Lab6\Lab6.X\Advanced.asm
              pressButton   0x000010    program     static D:\Timo\MYSELF\NCKU\110-1\Microprocessor\Lab\Lab6\Lab6.X\Advanced.asm
               resetState   0x000058    program     static D:\Timo\MYSELF\NCKU\110-1\Microprocessor\Lab\Lab6\Lab6.X\Advanced.asm
                    start   0x000000    program     static D:\Timo\MYSELF\NCKU\110-1\Microprocessor\Lab\Lab6\Lab6.X\Advanced.asm



                              Symbols - Sorted by Address
                     Name    Address   Location    Storage File                     
                ---------  ---------  ---------  --------- ---------                
                  Initial   0x000000    program     static D:\Timo\MYSELF\NCKU\110-1\Microprocessor\Lab\Lab6\Lab6.X\Advanced.asm
                    start   0x000000    program     static D:\Timo\MYSELF\NCKU\110-1\Microprocessor\Lab\Lab6\Lab6.X\Advanced.asm
              pressButton   0x000010    program     static D:\Timo\MYSELF\NCKU\110-1\Microprocessor\Lab\Lab6\Lab6.X\Advanced.asm
                nextState   0x00001c    program     static D:\Timo\MYSELF\NCKU\110-1\Microprocessor\Lab\Lab6\Lab6.X\Advanced.asm
              changeState   0x000026    program     static D:\Timo\MYSELF\NCKU\110-1\Microprocessor\Lab\Lab6\Lab6.X\Advanced.asm
              _3outerloop   0x000032    program     static D:\Timo\MYSELF\NCKU\110-1\Microprocessor\Lab\Lab6\Lab6.X\Advanced.asm
              _3innerloop   0x000036    program     static D:\Timo\MYSELF\NCKU\110-1\Microprocessor\Lab\Lab6\Lab6.X\Advanced.asm
               clearState   0x000050    program     static D:\Timo\MYSELF\NCKU\110-1\Microprocessor\Lab\Lab6\Lab6.X\Advanced.asm
               resetState   0x000058    program     static D:\Timo\MYSELF\NCKU\110-1\Microprocessor\Lab\Lab6\Lab6.X\Advanced.asm
              _4outerloop   0x00005c    program     static D:\Timo\MYSELF\NCKU\110-1\Microprocessor\Lab\Lab6\Lab6.X\Advanced.asm
              _4innerloop   0x000060    program     static D:\Timo\MYSELF\NCKU\110-1\Microprocessor\Lab\Lab6\Lab6.X\Advanced.asm


